>>> text_indentation = __import__('5-text_indentation').text_indentation
>>> text_indentation("Hello. How are you? Fine, thank you.")
Hello$
$
How are you?$
$
Fine, thank you.
>>> text_indentation("This is one sentence. This is another? And a third one:")
This is one sentence.$
$
This is another?$
$
And a third one:$
$
>>> text_indentation("No special characters")
No special characters
>>> text_indentation(12)
Traceback (most recent call last):
...
TypeError: text must be a string
